GET /events 200
GET /events 200
POST /events 400
GET /robots.txt 404
GET /favicon.ico 404
GET /events 200
GET /events 200
GET /events 200
GET /events 200
GET /events 200
GET /events 200
GET /events 200
GET /events 200
GET /events 200
GET /events 200
GET /events 200
GET /events 200
GET /events 200
GET /events 200
GET /events 200
GET /events 200
GET /events 200
GET /events 200
GET /events 200
GET /events 200
GET /events 200
